2026-10-01 18:09:38.159 +05:30 [ERR] Connection string 'GDBConnection' is missing from App.config
2026-10-01 18:09:38.232 +05:30 [ERR] Failed to fetch all accounts
System.Configuration.ConfigurationErrorsException: Connection string 'GDBConnection' not found.
   at GDB.Api.Infrastructure.Repositories.DataBaseConnectionManager.GetConnection() in C:\Users\SoundaryaJAdmin\Source\Repos\web-api-pe2\Infrastructure\Repositories\DataBaseConnectionManager.cs:line 25
   at GDB.Api.Infrastructure.Repositories.Implementations.AccountRepositoryDB.GetAllAccounts() in C:\Users\SoundaryaJAdmin\Source\Repos\web-api-pe2\Infrastructure\Repositories\Implementations\AccountRepositoryDB.cs:line 445
2026-10-01 18:09:40.205 +05:30 [ERR] Connection string 'GDBConnection' is missing from App.config
2026-10-01 18:09:40.241 +05:30 [ERR] Failed to fetch all accounts
System.Configuration.ConfigurationErrorsException: Connection string 'GDBConnection' not found.
   at GDB.Api.Infrastructure.Repositories.DataBaseConnectionManager.GetConnection() in C:\Users\SoundaryaJAdmin\Source\Repos\web-api-pe2\Infrastructure\Repositories\DataBaseConnectionManager.cs:line 25
   at GDB.Api.Infrastructure.Repositories.Implementations.AccountRepositoryDB.GetAllAccounts() in C:\Users\SoundaryaJAdmin\Source\Repos\web-api-pe2\Infrastructure\Repositories\Implementations\AccountRepositoryDB.cs:line 445
2026-10-01 18:19:31.431 +05:30 [ERR] Connection string 'GDBConnection' is missing from App.config
2026-10-01 18:19:31.483 +05:30 [ERR] Failed to fetch all accounts
System.Configuration.ConfigurationErrorsException: Connection string 'GDBConnection' not found.
   at GDB.Api.Infrastructure.Repositories.DataBaseConnectionManager.GetConnection() in C:\Users\SoundaryaJAdmin\Source\Repos\web-api-pe2\Infrastructure\Repositories\DataBaseConnectionManager.cs:line 25
   at GDB.Api.Infrastructure.Repositories.Implementations.AccountRepositoryDB.GetAllAccounts() in C:\Users\SoundaryaJAdmin\Source\Repos\web-api-pe2\Infrastructure\Repositories\Implementations\AccountRepositoryDB.cs:line 445
2026-10-01 18:19:33.413 +05:30 [ERR] Connection string 'GDBConnection' is missing from App.config
2026-10-01 18:19:33.428 +05:30 [ERR] Failed to fetch all accounts
System.Configuration.ConfigurationErrorsException: Connection string 'GDBConnection' not found.
   at GDB.Api.Infrastructure.Repositories.DataBaseConnectionManager.GetConnection() in C:\Users\SoundaryaJAdmin\Source\Repos\web-api-pe2\Infrastructure\Repositories\DataBaseConnectionManager.cs:line 25
   at GDB.Api.Infrastructure.Repositories.Implementations.AccountRepositoryDB.GetAllAccounts() in C:\Users\SoundaryaJAdmin\Source\Repos\web-api-pe2\Infrastructure\Repositories\Implementations\AccountRepositoryDB.cs:line 445
2026-10-01 18:30:18.271 +05:30 [ERR] Failed to register DB provider factory
System.NullReferenceException: Object reference not set to an instance of an object.
   at GDB.Api.Infrastructure.Repositories.DataBaseProviderRegistration.RegisterProvider() in C:\Users\SoundaryaJAdmin\Source\Repos\web-api-pe2\Infrastructure\Repositories\DataBaseProviderRegistration.cs:line 29
   at GDB.Api.Infrastructure.Repositories.DataBaseProviderRegistration.Register() in C:\Users\SoundaryaJAdmin\Source\Repos\web-api-pe2\Infrastructure\Repositories\DataBaseProviderRegistration.cs:line 18
2026-10-01 18:30:18.359 +05:30 [ERR] Failed to fetch all accounts
System.NullReferenceException: Object reference not set to an instance of an object.
   at GDB.Api.Infrastructure.Repositories.DataBaseProviderRegistration.RegisterProvider() in C:\Users\SoundaryaJAdmin\Source\Repos\web-api-pe2\Infrastructure\Repositories\DataBaseProviderRegistration.cs:line 29
   at GDB.Api.Infrastructure.Repositories.DataBaseProviderRegistration.Register() in C:\Users\SoundaryaJAdmin\Source\Repos\web-api-pe2\Infrastructure\Repositories\DataBaseProviderRegistration.cs:line 18
   at GDB.Api.Infrastructure.Repositories.DataBaseConnectionManager.GetConnection() in C:\Users\SoundaryaJAdmin\Source\Repos\web-api-pe2\Infrastructure\Repositories\DataBaseConnectionManager.cs:line 20
   at GDB.Api.Infrastructure.Repositories.Implementations.AccountRepositoryDB.GetAllAccounts() in C:\Users\SoundaryaJAdmin\Source\Repos\web-api-pe2\Infrastructure\Repositories\Implementations\AccountRepositoryDB.cs:line 445
2026-10-01 18:30:19.543 +05:30 [ERR] Failed to register DB provider factory
System.NullReferenceException: Object reference not set to an instance of an object.
   at GDB.Api.Infrastructure.Repositories.DataBaseProviderRegistration.RegisterProvider() in C:\Users\SoundaryaJAdmin\Source\Repos\web-api-pe2\Infrastructure\Repositories\DataBaseProviderRegistration.cs:line 29
   at GDB.Api.Infrastructure.Repositories.DataBaseProviderRegistration.Register() in C:\Users\SoundaryaJAdmin\Source\Repos\web-api-pe2\Infrastructure\Repositories\DataBaseProviderRegistration.cs:line 18
2026-10-01 18:30:19.548 +05:30 [ERR] Failed to fetch all accounts
System.NullReferenceException: Object reference not set to an instance of an object.
   at GDB.Api.Infrastructure.Repositories.DataBaseProviderRegistration.RegisterProvider() in C:\Users\SoundaryaJAdmin\Source\Repos\web-api-pe2\Infrastructure\Repositories\DataBaseProviderRegistration.cs:line 29
   at GDB.Api.Infrastructure.Repositories.DataBaseProviderRegistration.Register() in C:\Users\SoundaryaJAdmin\Source\Repos\web-api-pe2\Infrastructure\Repositories\DataBaseProviderRegistration.cs:line 18
   at GDB.Api.Infrastructure.Repositories.DataBaseConnectionManager.GetConnection() in C:\Users\SoundaryaJAdmin\Source\Repos\web-api-pe2\Infrastructure\Repositories\DataBaseConnectionManager.cs:line 20
   at GDB.Api.Infrastructure.Repositories.Implementations.AccountRepositoryDB.GetAllAccounts() in C:\Users\SoundaryaJAdmin\Source\Repos\web-api-pe2\Infrastructure\Repositories\Implementations\AccountRepositoryDB.cs:line 445
2026-10-01 18:30:20.676 +05:30 [ERR] Failed to register DB provider factory
System.NullReferenceException: Object reference not set to an instance of an object.
   at GDB.Api.Infrastructure.Repositories.DataBaseProviderRegistration.RegisterProvider() in C:\Users\SoundaryaJAdmin\Source\Repos\web-api-pe2\Infrastructure\Repositories\DataBaseProviderRegistration.cs:line 29
   at GDB.Api.Infrastructure.Repositories.DataBaseProviderRegistration.Register() in C:\Users\SoundaryaJAdmin\Source\Repos\web-api-pe2\Infrastructure\Repositories\DataBaseProviderRegistration.cs:line 18
2026-10-01 18:30:20.736 +05:30 [ERR] Failed to fetch all accounts
System.NullReferenceException: Object reference not set to an instance of an object.
   at GDB.Api.Infrastructure.Repositories.DataBaseProviderRegistration.RegisterProvider() in C:\Users\SoundaryaJAdmin\Source\Repos\web-api-pe2\Infrastructure\Repositories\DataBaseProviderRegistration.cs:line 29
   at GDB.Api.Infrastructure.Repositories.DataBaseProviderRegistration.Register() in C:\Users\SoundaryaJAdmin\Source\Repos\web-api-pe2\Infrastructure\Repositories\DataBaseProviderRegistration.cs:line 18
   at GDB.Api.Infrastructure.Repositories.DataBaseConnectionManager.GetConnection() in C:\Users\SoundaryaJAdmin\Source\Repos\web-api-pe2\Infrastructure\Repositories\DataBaseConnectionManager.cs:line 20
   at GDB.Api.Infrastructure.Repositories.Implementations.AccountRepositoryDB.GetAllAccounts() in C:\Users\SoundaryaJAdmin\Source\Repos\web-api-pe2\Infrastructure\Repositories\Implementations\AccountRepositoryDB.cs:line 445
2026-10-01 18:33:56.744 +05:30 [ERR] Connection string 'GDBConnection' is missing from configuration.
2026-10-01 18:33:56.809 +05:30 [ERR] Failed to register DB provider factory
System.Configuration.ConfigurationErrorsException: Connection string 'GDBConnection' not found. Add it to appsettings.json or App.config.
   at GDB.Api.Infrastructure.Repositories.DataBaseProviderRegistration.RegisterProvider() in C:\Users\SoundaryaJAdmin\Source\Repos\web-api-pe2\Infrastructure\Repositories\DataBaseProviderRegistration.cs:line 33
   at GDB.Api.Infrastructure.Repositories.DataBaseProviderRegistration.Register() in C:\Users\SoundaryaJAdmin\Source\Repos\web-api-pe2\Infrastructure\Repositories\DataBaseProviderRegistration.cs:line 18
2026-10-01 18:33:56.870 +05:30 [ERR] Failed to fetch all accounts
System.Configuration.ConfigurationErrorsException: Connection string 'GDBConnection' not found. Add it to appsettings.json or App.config.
   at GDB.Api.Infrastructure.Repositories.DataBaseProviderRegistration.RegisterProvider() in C:\Users\SoundaryaJAdmin\Source\Repos\web-api-pe2\Infrastructure\Repositories\DataBaseProviderRegistration.cs:line 33
   at GDB.Api.Infrastructure.Repositories.DataBaseProviderRegistration.Register() in C:\Users\SoundaryaJAdmin\Source\Repos\web-api-pe2\Infrastructure\Repositories\DataBaseProviderRegistration.cs:line 18
   at GDB.Api.Infrastructure.Repositories.DataBaseConnectionManager.GetConnection() in C:\Users\SoundaryaJAdmin\Source\Repos\web-api-pe2\Infrastructure\Repositories\DataBaseConnectionManager.cs:line 20
   at GDB.Api.Infrastructure.Repositories.Implementations.AccountRepositoryDB.GetAllAccounts() in C:\Users\SoundaryaJAdmin\Source\Repos\web-api-pe2\Infrastructure\Repositories\Implementations\AccountRepositoryDB.cs:line 445
2026-10-01 18:34:00.799 +05:30 [ERR] Connection string 'GDBConnection' is missing from configuration.
2026-10-01 18:34:00.810 +05:30 [ERR] Failed to register DB provider factory
System.Configuration.ConfigurationErrorsException: Connection string 'GDBConnection' not found. Add it to appsettings.json or App.config.
   at GDB.Api.Infrastructure.Repositories.DataBaseProviderRegistration.RegisterProvider() in C:\Users\SoundaryaJAdmin\Source\Repos\web-api-pe2\Infrastructure\Repositories\DataBaseProviderRegistration.cs:line 33
   at GDB.Api.Infrastructure.Repositories.DataBaseProviderRegistration.Register() in C:\Users\SoundaryaJAdmin\Source\Repos\web-api-pe2\Infrastructure\Repositories\DataBaseProviderRegistration.cs:line 18
2026-10-01 18:34:00.816 +05:30 [ERR] Failed to fetch all accounts
System.Configuration.ConfigurationErrorsException: Connection string 'GDBConnection' not found. Add it to appsettings.json or App.config.
   at GDB.Api.Infrastructure.Repositories.DataBaseProviderRegistration.RegisterProvider() in C:\Users\SoundaryaJAdmin\Source\Repos\web-api-pe2\Infrastructure\Repositories\DataBaseProviderRegistration.cs:line 33
   at GDB.Api.Infrastructure.Repositories.DataBaseProviderRegistration.Register() in C:\Users\SoundaryaJAdmin\Source\Repos\web-api-pe2\Infrastructure\Repositories\DataBaseProviderRegistration.cs:line 18
   at GDB.Api.Infrastructure.Repositories.DataBaseConnectionManager.GetConnection() in C:\Users\SoundaryaJAdmin\Source\Repos\web-api-pe2\Infrastructure\Repositories\DataBaseConnectionManager.cs:line 20
   at GDB.Api.Infrastructure.Repositories.Implementations.AccountRepositoryDB.GetAllAccounts() in C:\Users\SoundaryaJAdmin\Source\Repos\web-api-pe2\Infrastructure\Repositories\Implementations\AccountRepositoryDB.cs:line 445
2026-10-01 18:34:11.678 +05:30 [ERR] Connection string 'GDBConnection' is missing from configuration.
2026-10-01 18:34:11.733 +05:30 [ERR] Failed to register DB provider factory
System.Configuration.ConfigurationErrorsException: Connection string 'GDBConnection' not found. Add it to appsettings.json or App.config.
   at GDB.Api.Infrastructure.Repositories.DataBaseProviderRegistration.RegisterProvider() in C:\Users\SoundaryaJAdmin\Source\Repos\web-api-pe2\Infrastructure\Repositories\DataBaseProviderRegistration.cs:line 33
   at GDB.Api.Infrastructure.Repositories.DataBaseProviderRegistration.Register() in C:\Users\SoundaryaJAdmin\Source\Repos\web-api-pe2\Infrastructure\Repositories\DataBaseProviderRegistration.cs:line 18
2026-10-01 18:34:11.803 +05:30 [ERR] Failed to fetch all accounts
System.Configuration.ConfigurationErrorsException: Connection string 'GDBConnection' not found. Add it to appsettings.json or App.config.
   at GDB.Api.Infrastructure.Repositories.DataBaseProviderRegistration.RegisterProvider() in C:\Users\SoundaryaJAdmin\Source\Repos\web-api-pe2\Infrastructure\Repositories\DataBaseProviderRegistration.cs:line 33
   at GDB.Api.Infrastructure.Repositories.DataBaseProviderRegistration.Register() in C:\Users\SoundaryaJAdmin\Source\Repos\web-api-pe2\Infrastructure\Repositories\DataBaseProviderRegistration.cs:line 18
   at GDB.Api.Infrastructure.Repositories.DataBaseConnectionManager.GetConnection() in C:\Users\SoundaryaJAdmin\Source\Repos\web-api-pe2\Infrastructure\Repositories\DataBaseConnectionManager.cs:line 20
   at GDB.Api.Infrastructure.Repositories.Implementations.AccountRepositoryDB.GetAllAccounts() in C:\Users\SoundaryaJAdmin\Source\Repos\web-api-pe2\Infrastructure\Repositories\Implementations\AccountRepositoryDB.cs:line 445
2026-10-01 18:43:09.322 +05:30 [ERR] Connection string 'GDBConnection' is missing from configuration.
2026-10-01 18:43:09.369 +05:30 [ERR] Failed to register DB provider factory
System.Configuration.ConfigurationErrorsException: Connection string 'GDBConnection' not found. Add it to appsettings.json or App.config.
   at GDB.Api.Infrastructure.Repositories.DataBaseProviderRegistration.RegisterProvider() in C:\Users\SoundaryaJAdmin\Source\Repos\web-api-pe2\Infrastructure\Repositories\DataBaseProviderRegistration.cs:line 33
   at GDB.Api.Infrastructure.Repositories.DataBaseProviderRegistration.Register() in C:\Users\SoundaryaJAdmin\Source\Repos\web-api-pe2\Infrastructure\Repositories\DataBaseProviderRegistration.cs:line 18
2026-10-01 18:43:09.418 +05:30 [ERR] Failed to fetch all accounts
System.Configuration.ConfigurationErrorsException: Connection string 'GDBConnection' not found. Add it to appsettings.json or App.config.
   at GDB.Api.Infrastructure.Repositories.DataBaseProviderRegistration.RegisterProvider() in C:\Users\SoundaryaJAdmin\Source\Repos\web-api-pe2\Infrastructure\Repositories\DataBaseProviderRegistration.cs:line 33
   at GDB.Api.Infrastructure.Repositories.DataBaseProviderRegistration.Register() in C:\Users\SoundaryaJAdmin\Source\Repos\web-api-pe2\Infrastructure\Repositories\DataBaseProviderRegistration.cs:line 18
   at GDB.Api.Infrastructure.Repositories.DataBaseConnectionManager.GetConnection() in C:\Users\SoundaryaJAdmin\Source\Repos\web-api-pe2\Infrastructure\Repositories\DataBaseConnectionManager.cs:line 20
   at GDB.Api.Infrastructure.Repositories.Implementations.AccountRepositoryDB.GetAllAccounts() in C:\Users\SoundaryaJAdmin\Source\Repos\web-api-pe2\Infrastructure\Repositories\Implementations\AccountRepositoryDB.cs:line 445
2026-10-01 18:43:13.026 +05:30 [ERR] Connection string 'GDBConnection' is missing from configuration.
2026-10-01 18:43:13.079 +05:30 [ERR] Failed to register DB provider factory
System.Configuration.ConfigurationErrorsException: Connection string 'GDBConnection' not found. Add it to appsettings.json or App.config.
   at GDB.Api.Infrastructure.Repositories.DataBaseProviderRegistration.RegisterProvider() in C:\Users\SoundaryaJAdmin\Source\Repos\web-api-pe2\Infrastructure\Repositories\DataBaseProviderRegistration.cs:line 33
   at GDB.Api.Infrastructure.Repositories.DataBaseProviderRegistration.Register() in C:\Users\SoundaryaJAdmin\Source\Repos\web-api-pe2\Infrastructure\Repositories\DataBaseProviderRegistration.cs:line 18
2026-10-01 18:43:13.127 +05:30 [ERR] Failed to fetch all accounts
System.Configuration.ConfigurationErrorsException: Connection string 'GDBConnection' not found. Add it to appsettings.json or App.config.
   at GDB.Api.Infrastructure.Repositories.DataBaseProviderRegistration.RegisterProvider() in C:\Users\SoundaryaJAdmin\Source\Repos\web-api-pe2\Infrastructure\Repositories\DataBaseProviderRegistration.cs:line 33
   at GDB.Api.Infrastructure.Repositories.DataBaseProviderRegistration.Register() in C:\Users\SoundaryaJAdmin\Source\Repos\web-api-pe2\Infrastructure\Repositories\DataBaseProviderRegistration.cs:line 18
   at GDB.Api.Infrastructure.Repositories.DataBaseConnectionManager.GetConnection() in C:\Users\SoundaryaJAdmin\Source\Repos\web-api-pe2\Infrastructure\Repositories\DataBaseConnectionManager.cs:line 20
   at GDB.Api.Infrastructure.Repositories.Implementations.AccountRepositoryDB.GetAllAccounts() in C:\Users\SoundaryaJAdmin\Source\Repos\web-api-pe2\Infrastructure\Repositories\Implementations\AccountRepositoryDB.cs:line 445
2026-10-01 18:53:56.226 +05:30 [ERR] Failed to register DB provider factory
System.InvalidOperationException: Provider factory type not found: System.Data.SqlClient.SqlClientFactory, System.Data.SqlClient
   at GDB.Api.Infrastructure.Repositories.DataBaseProviderRegistration.RegisterProvider(IConfiguration configuration) in C:\Users\SoundaryaJAdmin\Source\Repos\web-api-pe2\Infrastructure\Repositories\DataBaseProviderRegistration.cs:line 51
   at GDB.Api.Infrastructure.Repositories.DataBaseProviderRegistration.Register(IConfiguration configuration) in C:\Users\SoundaryaJAdmin\Source\Repos\web-api-pe2\Infrastructure\Repositories\DataBaseProviderRegistration.cs:line 19
2026-10-01 18:53:56.384 +05:30 [ERR] Failed to fetch all accounts
System.InvalidOperationException: Provider factory type not found: System.Data.SqlClient.SqlClientFactory, System.Data.SqlClient
   at GDB.Api.Infrastructure.Repositories.DataBaseProviderRegistration.RegisterProvider(IConfiguration configuration) in C:\Users\SoundaryaJAdmin\Source\Repos\web-api-pe2\Infrastructure\Repositories\DataBaseProviderRegistration.cs:line 51
   at GDB.Api.Infrastructure.Repositories.DataBaseProviderRegistration.Register(IConfiguration configuration) in C:\Users\SoundaryaJAdmin\Source\Repos\web-api-pe2\Infrastructure\Repositories\DataBaseProviderRegistration.cs:line 19
   at GDB.Api.Infrastructure.Repositories.DataBaseConnectionManager.GetConnection() in C:\Users\SoundaryaJAdmin\Source\Repos\web-api-pe2\Infrastructure\Repositories\DataBaseConnectionManager.cs:line 24
   at GDB.Api.Infrastructure.Repositories.Implementations.AccountRepositoryDB.GetAllAccounts() in C:\Users\SoundaryaJAdmin\Source\Repos\web-api-pe2\Infrastructure\Repositories\Implementations\AccountRepositoryDB.cs:line 445
2026-10-01 18:57:06.029 +05:30 [INF] Registered DB provider System.Data.SqlClient
2026-10-01 18:57:06.079 +05:30 [ERR] Failed to create DB connection for provider Microsoft.Data.SqlClient
System.ArgumentException: The specified invariant name 'Microsoft.Data.SqlClient' wasn't found in the list of registered .NET Data Providers.
   at System.Data.Common.DbProviderFactories.GetFactory(String providerInvariantName, Boolean throwOnError)
   at GDB.Api.Infrastructure.Repositories.DataBaseConnectionManager.GetConnection() in C:\Users\SoundaryaJAdmin\Source\Repos\web-api-pe2\Infrastructure\Repositories\DataBaseConnectionManager.cs:line 42
2026-10-01 18:57:06.124 +05:30 [ERR] Failed to fetch all accounts
System.ArgumentException: The specified invariant name 'Microsoft.Data.SqlClient' wasn't found in the list of registered .NET Data Providers.
   at System.Data.Common.DbProviderFactories.GetFactory(String providerInvariantName, Boolean throwOnError)
   at GDB.Api.Infrastructure.Repositories.DataBaseConnectionManager.GetConnection() in C:\Users\SoundaryaJAdmin\Source\Repos\web-api-pe2\Infrastructure\Repositories\DataBaseConnectionManager.cs:line 42
   at GDB.Api.Infrastructure.Repositories.Implementations.AccountRepositoryDB.GetAllAccounts() in C:\Users\SoundaryaJAdmin\Source\Repos\web-api-pe2\Infrastructure\Repositories\Implementations\AccountRepositoryDB.cs:line 445
2026-10-01 18:57:07.645 +05:30 [INF] Registered DB provider System.Data.SqlClient
2026-10-01 18:57:07.668 +05:30 [ERR] Failed to create DB connection for provider Microsoft.Data.SqlClient
System.ArgumentException: The specified invariant name 'Microsoft.Data.SqlClient' wasn't found in the list of registered .NET Data Providers.
   at System.Data.Common.DbProviderFactories.GetFactory(String providerInvariantName, Boolean throwOnError)
   at GDB.Api.Infrastructure.Repositories.DataBaseConnectionManager.GetConnection() in C:\Users\SoundaryaJAdmin\Source\Repos\web-api-pe2\Infrastructure\Repositories\DataBaseConnectionManager.cs:line 42
2026-10-01 18:57:07.700 +05:30 [ERR] Failed to fetch all accounts
System.ArgumentException: The specified invariant name 'Microsoft.Data.SqlClient' wasn't found in the list of registered .NET Data Providers.
   at System.Data.Common.DbProviderFactories.GetFactory(String providerInvariantName, Boolean throwOnError)
   at GDB.Api.Infrastructure.Repositories.DataBaseConnectionManager.GetConnection() in C:\Users\SoundaryaJAdmin\Source\Repos\web-api-pe2\Infrastructure\Repositories\DataBaseConnectionManager.cs:line 42
   at GDB.Api.Infrastructure.Repositories.Implementations.AccountRepositoryDB.GetAllAccounts() in C:\Users\SoundaryaJAdmin\Source\Repos\web-api-pe2\Infrastructure\Repositories\Implementations\AccountRepositoryDB.cs:line 445
2026-10-01 19:00:51.410 +05:30 [INF] Registered DB provider Microsoft.Data.SqlClient
2026-10-02 01:21:47.515 +05:30 [INF] Registered DB provider Microsoft.Data.SqlClient
2026-10-02 01:23:35.058 +05:30 [INF] Registered DB provider Microsoft.Data.SqlClient
2026-10-02 01:23:56.297 +05:30 [INF] Registered DB provider Microsoft.Data.SqlClient
2026-10-02 01:35:20.713 +05:30 [INF] Registered DB provider Microsoft.Data.SqlClient
2026-10-02 01:36:39.029 +05:30 [INF] Registered DB provider Microsoft.Data.SqlClient
2026-10-02 01:37:23.687 +05:30 [INF] Registered DB provider Microsoft.Data.SqlClient
2026-10-02 01:39:07.711 +05:30 [INF] Registered DB provider Microsoft.Data.SqlClient
2026-10-02 01:39:07.733 +05:30 [WRN] Account 1000001333 not found in DB
2026-10-02 01:39:07.745 +05:30 [WRN] Close requested for unknown account 1000001333
2026-10-02 01:42:32.838 +05:30 [INF] Registered DB provider Microsoft.Data.SqlClient
2026-10-02 01:42:32.856 +05:30 [WRN] Account 9876543210 not found in DB
2026-10-02 01:42:32.871 +05:30 [INF] Registered DB provider Microsoft.Data.SqlClient
2026-10-02 01:42:32.899 +05:30 [WRN] Rolling back SaveAccount for 9876543210
Microsoft.Data.SqlClient.SqlException (0x80131904): Could not find stored procedure 'CreateAccount'.
   at Microsoft.Data.SqlClient.SqlConnection.OnError(SqlException exception, Boolean breakConnection, Action`1 wrapCloseInAction)
   at Microsoft.Data.SqlClient.Connection.SqlConnectionInternal.OnError(SqlException exception, Boolean breakConnection, Action`1 wrapCloseInAction)
   at Microsoft.Data.SqlClient.TdsParser.ThrowExceptionAndWarning(TdsParserStateObject stateObj, SqlCommand command, Boolean callerHasConnectionLock, Boolean asyncClose)
   at Microsoft.Data.SqlClient.TdsParser.TryRun(RunBehavior runBehavior, SqlCommand cmdHandler, SqlDataReader dataStream, BulkCopySimpleResultSet bulkCopyHandler, TdsParserStateObject stateObj, Boolean& dataReady)
   at Microsoft.Data.SqlClient.SqlDataReader.TryConsumeMetaData()
   at Microsoft.Data.SqlClient.SqlDataReader.get_MetaData()
   at Microsoft.Data.SqlClient.SqlCommand.FinishExecuteReader(SqlDataReader ds, RunBehavior runBehavior, String resetOptionsString, Boolean isInternal, Boolean forDescribeParameterEncryption, Boolean shouldCacheForAlwaysEncrypted)
   at Microsoft.Data.SqlClient.SqlCommand.RunExecuteReaderTds(CommandBehavior cmdBehavior, RunBehavior runBehavior, Boolean returnStream, Boolean isAsync, Int32 timeout, Task& task, Boolean asyncWrite, Boolean isRetry, SqlDataReader ds, Boolean describeParameterEncryptionRequest)
   at Microsoft.Data.SqlClient.SqlCommand.RunExecuteReader(CommandBehavior cmdBehavior, RunBehavior runBehavior, Boolean returnStream, TaskCompletionSource`1 completion, Int32 timeout, Task& executeTask, Boolean& usedCache, Boolean asyncWrite, Boolean isRetry, String method)
   at Microsoft.Data.SqlClient.SqlCommand.RunExecuteReader(CommandBehavior cmdBehavior, RunBehavior runBehavior, Boolean returnStream, String method)
   at Microsoft.Data.SqlClient.SqlCommand.ExecuteScalar()
   at GDB.Api.Infrastructure.Repositories.Implementations.AccountRepositoryDB.SaveAccount(IAccount account, String pin) in C:\Users\SoundaryaJAdmin\Source\Repos\web-api-pe2\Infrastructure\Repositories\Implementations\AccountRepositoryDB.cs:line 126
ClientConnectionId:79da111b-ce44-4004-93fd-819e9e222579
Error Number:2812,State:62,Class:16
2026-10-02 01:42:32.952 +05:30 [ERR] Failed to save account 9876543210
Microsoft.Data.SqlClient.SqlException (0x80131904): Could not find stored procedure 'CreateAccount'.
   at Microsoft.Data.SqlClient.SqlConnection.OnError(SqlException exception, Boolean breakConnection, Action`1 wrapCloseInAction)
   at Microsoft.Data.SqlClient.Connection.SqlConnectionInternal.OnError(SqlException exception, Boolean breakConnection, Action`1 wrapCloseInAction)
   at Microsoft.Data.SqlClient.TdsParser.ThrowExceptionAndWarning(TdsParserStateObject stateObj, SqlCommand command, Boolean callerHasConnectionLock, Boolean asyncClose)
   at Microsoft.Data.SqlClient.TdsParser.TryRun(RunBehavior runBehavior, SqlCommand cmdHandler, SqlDataReader dataStream, BulkCopySimpleResultSet bulkCopyHandler, TdsParserStateObject stateObj, Boolean& dataReady)
   at Microsoft.Data.SqlClient.SqlDataReader.TryConsumeMetaData()
   at Microsoft.Data.SqlClient.SqlDataReader.get_MetaData()
   at Microsoft.Data.SqlClient.SqlCommand.FinishExecuteReader(SqlDataReader ds, RunBehavior runBehavior, String resetOptionsString, Boolean isInternal, Boolean forDescribeParameterEncryption, Boolean shouldCacheForAlwaysEncrypted)
   at Microsoft.Data.SqlClient.SqlCommand.RunExecuteReaderTds(CommandBehavior cmdBehavior, RunBehavior runBehavior, Boolean returnStream, Boolean isAsync, Int32 timeout, Task& task, Boolean asyncWrite, Boolean isRetry, SqlDataReader ds, Boolean describeParameterEncryptionRequest)
   at Microsoft.Data.SqlClient.SqlCommand.RunExecuteReader(CommandBehavior cmdBehavior, RunBehavior runBehavior, Boolean returnStream, TaskCompletionSource`1 completion, Int32 timeout, Task& executeTask, Boolean& usedCache, Boolean asyncWrite, Boolean isRetry, String method)
   at Microsoft.Data.SqlClient.SqlCommand.RunExecuteReader(CommandBehavior cmdBehavior, RunBehavior runBehavior, Boolean returnStream, String method)
   at Microsoft.Data.SqlClient.SqlCommand.ExecuteScalar()
   at GDB.Api.Infrastructure.Repositories.Implementations.AccountRepositoryDB.SaveAccount(IAccount account, String pin) in C:\Users\SoundaryaJAdmin\Source\Repos\web-api-pe2\Infrastructure\Repositories\Implementations\AccountRepositoryDB.cs:line 126
ClientConnectionId:79da111b-ce44-4004-93fd-819e9e222579
Error Number:2812,State:62,Class:16
2026-10-02 13:41:38.226 +05:30 [INF] Processing transaction "Deposit"
2026-10-02 13:41:38.348 +05:30 [INF] Registered DB provider Microsoft.Data.SqlClient
2026-10-02 13:41:53.617 +05:30 [ERR] Failed to fetch account 1000001001
Microsoft.Data.SqlClient.SqlException (0x80131904): A network-related or instance-specific error occurred while establishing a connection to SQL Server. The server was not found or was not accessible. Verify that the instance name is correct and that SQL Server is configured to allow remote connections. (provider: SQL Network Interfaces, error: 26 - Error Locating Server/Instance Specified)
   at Microsoft.Data.SqlClient.Connection.SqlConnectionInternal.OnError(SqlException exception, Boolean breakConnection, Action`1 wrapCloseInAction)
   at Microsoft.Data.SqlClient.TdsParser.ThrowExceptionAndWarning(TdsParserStateObject stateObj, SqlCommand command, Boolean callerHasConnectionLock, Boolean asyncClose)
   at Microsoft.Data.SqlClient.TdsParser.Connect(ServerInfo serverInfo, SqlConnectionInternal connHandler, TimeoutTimer timeout, SqlConnectionOptions connectionOptions, Boolean withFailover)
   at Microsoft.Data.SqlClient.Connection.SqlConnectionInternal.AttemptOneLogin(ServerInfo serverInfo, String newPassword, SecureString newSecurePassword, TimeoutTimer timeout, Boolean withFailover)
   at Microsoft.Data.SqlClient.Connection.SqlConnectionInternal.LoginNoFailover(ServerInfo serverInfo, String newPassword, SecureString newSecurePassword, Boolean redirectedUserInstance, SqlConnectionOptions connectionOptions, SqlCredential credential, TimeoutTimer timeout)
   at Microsoft.Data.SqlClient.Connection.SqlConnectionInternal.OpenLoginEnlist(TimeoutTimer timeout, SqlConnectionOptions connectionOptions, SqlCredential credential, String newPassword, SecureString newSecurePassword, Boolean redirectedUserInstance)
   at Microsoft.Data.SqlClient.Connection.SqlConnectionInternal..ctor(DbConnectionPoolIdentity identity, SqlConnectionOptions connectionOptions, TimeoutTimer timeout, SqlCredential credential, DbConnectionPoolGroupProviderInfo providerInfo, String newPassword, SecureString newSecurePassword, Boolean redirectedUserInstance, SessionData reconnectSessionData, Boolean applyTransientFaultHandling, String accessToken, IDbConnectionPool pool, Func`3 accessTokenCallback, SspiContextProvider sspiContextProvider, ISqlClientMetrics metrics, RegisteredApplication registeredApplication)
   at Microsoft.Data.SqlClient.SqlConnectionFactory.CreateConnection(SqlConnectionOptions options, ConnectionPoolKey poolKey, DbConnectionPoolGroupProviderInfo poolGroupProviderInfo, IDbConnectionPool pool, DbConnection owningConnection, TimeoutTimer timeout)
   at Microsoft.Data.SqlClient.SqlConnectionFactory.CreatePooledConnection(DbConnection owningConnection, IDbConnectionPool pool, TimeoutTimer timeout)
   at Microsoft.Data.SqlClient.ConnectionPool.WaitHandleDbConnectionPool.CreateObject(DbConnection owningObject, DbConnectionInternal oldConnection, TimeoutTimer timeout)
   at Microsoft.Data.SqlClient.ConnectionPool.WaitHandleDbConnectionPool.UserCreateRequest(DbConnection owningObject, TimeoutTimer timeout, DbConnectionInternal oldConnection)
   at Microsoft.Data.SqlClient.ConnectionPool.WaitHandleDbConnectionPool.TryGetConnection(DbConnection owningObject, UInt32 waitForMultipleObjectsTimeout, Boolean allowCreate, Boolean onlyOneCheckConnection, TimeoutTimer timeout, DbConnectionInternal& connection)
   at Microsoft.Data.SqlClient.ConnectionPool.WaitHandleDbConnectionPool.WaitForPendingOpen()
--- End of stack trace from previous location ---
   at GDB.Api.Infrastructure.Repositories.Implementations.AccountRepositoryDB.GetAccountAsync(String accountNumber) in C:\Users\PunithGadmin\source\repos\web-api-pe2\Infrastructure\Repositories\Implementations\AccountRepositoryDB.cs:line 23
ClientConnectionId:00000000-0000-0000-0000-000000000000
Error Number:-1,State:0,Class:20
2026-10-02 13:42:50.863 +05:30 [INF] Processing transaction "Deposit"
2026-10-02 13:42:50.923 +05:30 [INF] Registered DB provider Microsoft.Data.SqlClient
2026-10-02 13:42:51.420 +05:30 [INF] Registered DB provider Microsoft.Data.SqlClient
2026-10-02 13:42:51.456 +05:30 [INF] Registered DB provider Microsoft.Data.SqlClient
2026-10-02 13:42:51.504 +05:30 [INF] Deposited ₹1,000.00 to 1000001001
2026-10-02 13:42:51.510 +05:30 [INF] Transaction "Deposit" completed successfully
2026-10-02 13:50:02.075 +05:30 [INF] Processing transaction "Transfer"
2026-10-02 13:50:02.079 +05:30 [INF] Registered DB provider Microsoft.Data.SqlClient
2026-10-02 13:50:02.124 +05:30 [INF] Registered DB provider Microsoft.Data.SqlClient
2026-10-02 13:50:02.130 +05:30 [INF] Registered DB provider Microsoft.Data.SqlClient
2026-10-02 13:50:02.152 +05:30 [INF] Registered DB provider Microsoft.Data.SqlClient
2026-10-02 13:50:02.174 +05:30 [INF] Transferred ₹500.00 from 1000001001 to 1000001002
2026-10-02 13:50:02.178 +05:30 [INF] Transaction "Transfer" completed successfully
2026-10-02 13:51:58.462 +05:30 [INF] Processing transaction "Transfer"
2026-10-02 13:51:58.514 +05:30 [INF] Registered DB provider Microsoft.Data.SqlClient
2026-10-02 13:51:58.965 +05:30 [INF] Registered DB provider Microsoft.Data.SqlClient
2026-10-02 13:51:58.993 +05:30 [INF] Registered DB provider Microsoft.Data.SqlClient
2026-10-02 13:51:59.039 +05:30 [INF] Registered DB provider Microsoft.Data.SqlClient
2026-10-02 13:51:59.048 +05:30 [INF] Transferred ₹500.00 from 1000001001 to 1000001002
2026-10-02 13:51:59.054 +05:30 [INF] Transaction "Transfer" completed successfully
2026-10-02 13:56:12.736 +05:30 [INF] Processing transaction "Withdraw"
2026-10-02 13:56:12.778 +05:30 [INF] Registered DB provider Microsoft.Data.SqlClient
2026-10-02 13:56:13.200 +05:30 [INF] Registered DB provider Microsoft.Data.SqlClient
2026-10-02 13:56:13.217 +05:30 [INF] Registered DB provider Microsoft.Data.SqlClient
2026-10-02 13:56:13.236 +05:30 [INF] Withdrew ₹500.00 from 1000001001
2026-10-02 13:56:13.239 +05:30 [INF] Transaction "Withdraw" completed successfully
